[    0.000000] Initializing cgroup subsys cpuset
[    0.000000] Initializing cgroup subsys cpu
[    0.000000] Initializing cgroup subsys cpuacct
[    0.000000] Linux version 4.4.0-83-generic (buildd@lgw01-29) (gcc version 5.4.0 20160609 (Ubuntu 5.4.0-6ubuntu1~16.04.4) ) #106-Ubuntu SMP Mon Jun 26 17:54:43 UTC 2017 (Ubuntu 4.4.0-83.106-generic 4.4.70)
[    0.000000] Command line: BOOT_IMAGE=/boot/vmlinuz-4.4.0-83-generic root=LABEL=cloudimg-rootfs ro console=tty1 console=ttyS0
[    0.000000] KERNEL supported cpus:
[    0.000000]   Intel GenuineIntel
[    0.000000]   AMD AuthenticAMD
[    0.000000]   Centaur CentaurHauls
[    0.000000] x86/fpu: xstate_offset[2]:  576, xstate_sizes[2]:  256
[    0.000000] x86/fpu: Supporting XSAVE feature 0x01: 'x87 floating point registers'
[    0.000000] x86/fpu: Supporting XSAVE feature 0x02: 'SSE registers'
[    0.000000] x86/fpu: Supporting XSAVE feature 0x04: 'AVX registers'
[    0.000000] x86/fpu: Enabled xstate features 0x7, context size is 832 bytes, using 'standard' format.
[    0.000000] x86/fpu: Using 'lazy' FPU context switches.
[    0.000000] e820: BIOS-provided physical RAM map:
[    0.000000] BIOS-e820: [mem 0x0000000000000000-0x000000000009fbff] usable
[    0.000000] BIOS-e820: [mem 0x000000000009fc00-0x000000000009ffff] reserved
[    0.000000] BIOS-e820: [mem 0x00000000000f0000-0x00000000000fffff] reserved
[    0.000000] BIOS-e820: [mem 0x0000000000100000-0x000000003ffeffff] usable
[    0.000000] BIOS-e820: [mem 0x000000003fff0000-0x000000003fffffff] ACPI data
[    0.000000] BIOS-e820: [mem 0x00000000fec00000-0x00000000fec00fff] reserved
[    0.000000] BIOS-e820: [mem 0x00000000fee00000-0x00000000fee00fff] reserved
[    0.000000] BIOS-e820: [mem 0x00000000fffc0000-0x00000000ffffffff] reserved
[    0.000000] NX (Execute Disable) protection: active
[    0.000000] SMBIOS 2.5 present.
[    0.000000] Hypervisor detected: KVM
[    0.000000] e820: last_pfn = 0x3fff0 max_arch_pfn = 0x400000000
[    0.000000] MTRR: Disabled
[    0.000000] x86/PAT: MTRRs disabled, skipping PAT initialization too.
[    0.000000] x86/PAT: Configuration [0-7]: WB  WT  UC- UC  WB  WT  UC- UC  
[    0.000000] CPU MTRRs all blank - virtualized system.
[    0.000000] found SMP MP-table at [mem 0x0009fff0-0x0009ffff] mapped at [ffff88000009fff0]
[    0.000000] Scanning 1 areas for low memory corruption
[    0.000000] RAMDISK: [mem 0x36aca000-0x3755cfff]
[    0.000000] ACPI: Early table checksum verification disabled
[    0.000000] ACPI: RSDP 0x00000000000E0000 000024 (v02 VBOX  )
[    0.000000] ACPI: XSDT 0x000000003FFF0030 00003C (v01 VBOX   VBOXXSDT 00000001 ASL  00000061)
[    0.000000] ACPI: FACP 0x000000003FFF00F0 0000F4 (v04 VBOX   VBOXFACP 00000001 ASL  00000061)
[    0.000000] ACPI: DSDT 0x000000003FFF0470 0021C8 (v02 VBOX   VBOXBIOS 00000002 INTL 20100528)
[    0.000000] ACPI: FACS 0x000000003FFF0200 000040
[    0.000000] ACPI: FACS 0x000000003FFF0200 000040
[    0.000000] ACPI: APIC 0x000000003FFF0240 00005C (v02 VBOX   VBOXAPIC 00000001 ASL  00000061)
[    0.000000] ACPI: SSDT 0x000000003FFF02A0 0001CC (v01 VBOX   VBOXCPUT 00000002 INTL 20100528)
[    0.000000] No NUMA configuration found
[    0.000000] Faking a node at [mem 0x0000000000000000-0x000000003ffeffff]
[    0.000000] NODE_DATA(0) allocated [mem 0x3ffeb000-0x3ffeffff]
[    0.000000] kvm-clock: Using msrs 4b564d01 and 4b564d00
[    0.000000] kvm-clock: cpu 0, msr 0:3ffe3001, primary cpu clock
[    0.000000] kvm-clock: using sched offset of 3751411705 cycles
[    0.000000] clocksource: kvm-clock: mask: 0xffffffffffffffff max_cycles: 0x1cd42e4dffb, max_idle_ns: 881590591483 ns
[    0.000000] Zone ranges:
[    0.000000]   DMA      [mem 0x0000000000001000-0x0000000000ffffff]
[    0.000000]   DMA32    [mem 0x0000000001000000-0x000000003ffeffff]
[    0.000000]   Normal   empty
[    0.000000]   Device   empty
[    0.000000] Movable zone start for each node
[    0.000000] Early memory node ranges
[    0.000000]   node   0: [mem 0x0000000000001000-0x000000000009efff]
[    0.000000]   node   0: [mem 0x0000000000100000-0x000000003ffeffff]
[    0.000000] Initmem setup node 0 [mem 0x0000000000001000-0x000000003ffeffff]
[    0.000000] ACPI: PM-Timer IO Port: 0x4008
[    0.000000] IOAPIC[0]: apic_id 2, version 32, address 0xfec00000, GSI 0-23
[    0.000000] ACPI: INT_SRC_OVR (bus 0 bus_irq 0 global_irq 2 dfl dfl)
[    0.000000] ACPI: INT_SRC_OVR (bus 0 bus_irq 9 global_irq 9 high level)
[    0.000000] Using ACPI (MADT) for SMP configuration information
[    0.000000] smpboot: Allowing 2 CPUs, 0 hotplug CPUs
[    0.000000] PM: Registered nosave memory: [mem 0x00000000-0x00000fff]
[    0.000000] PM: Registered nosave memory: [mem 0x0009f000-0x0009ffff]
[    0.000000] PM: Registered nosave memory: [mem 0x000a0000-0x000effff]
[    0.000000] PM: Registered nosave memory: [mem 0x000f0000-0x000fffff]
[    0.000000] e820: [mem 0x40000000-0xfebfffff] available for PCI devices
[    0.000000] Booting paravirtualized kernel on KVM
[    0.000000] clocksource: refined-jiffies: mask: 0xffffffff max_cycles: 0xffffffff, max_idle_ns: 7645519600211568 ns
[    0.000000] setup_percpu: NR_CPUS:512 nr_cpumask_bits:512 nr_cpu_ids:2 nr_node_ids:1
[    0.000000] PERCPU: Embedded 33 pages/cpu @ffff88003fc00000 s98264 r8192 d28712 u1048576
[    0.000000] PV qspinlock hash table entries: 256 (order: 0, 4096 bytes)
[    0.000000] Built 1 zonelists in Node order, mobility grouping on.  Total pages: 257913
[    0.000000] Policy zone: DMA32
[    0.000000] Kernel command line: BOOT_IMAGE=/boot/vmlinuz-4.4.0-83-generic root=LABEL=cloudimg-rootfs ro console=tty1 console=ttyS0
[    0.000000] PID hash table entries: 4096 (order: 3, 32768 bytes)
[    0.000000] Memory: 1001748K/1048120K available (8469K kernel code, 1294K rwdata, 3984K rodata, 1488K init, 1316K bss, 46372K reserved, 0K cma-reserved)
[    0.000000] SLUB: HWalign=64, Order=0-3, MinObjects=0, CPUs=2, Nodes=1
[    0.000000] Hierarchical RCU implementation.
[    0.000000] 	Build-time adjustment of leaf fanout to 64.
[    0.000000] 	RCU restricting CPUs from NR_CPUS=512 to nr_cpu_ids=2.
[    0.000000] RCU: Adjusting geometry for rcu_fanout_leaf=64, nr_cpu_ids=2
[    0.000000] NR_IRQS:33024 nr_irqs:440 16
[    0.000000] Console: colour VGA+ 80x25
[    0.000000] console [tty1] enabled
[    0.000000] console [ttyS0] enabled
[    0.000000] tsc: Detected 2494.316 MHz processor
[    0.726925] Calibrating delay loop (skipped) preset value.. 4988.63 BogoMIPS (lpj=9977264)
[    0.734851] pid_max: default: 32768 minimum: 301
[    0.742099] ACPI: Core revision 20150930
[    0.745645] ACPI: 2 ACPI AML tables successfully acquired and loaded
[    0.766320] Security Framework initialized
[    0.767568] Yama: becoming mindful.
[    0.768736] AppArmor: AppArmor initialized
[    0.782075] Dentry cache hash table entries: 131072 (order: 8, 1048576 bytes)
[    0.794796] Inode-cache hash table entries: 65536 (order: 7, 524288 bytes)
[    0.803464] Mount-cache hash table entries: 2048 (order: 2, 16384 bytes)
[    0.817851] Mountpoint-cache hash table entries: 2048 (order: 2, 16384 bytes)
[    0.819840] Initializing cgroup subsys io
[    0.826483] Initializing cgroup subsys memory
[    0.835751] Initializing cgroup subsys devices
[    0.837938] Initializing cgroup subsys freezer
[    0.838952] Initializing cgroup subsys net_cls
[    0.839973] Initializing cgroup subsys perf_event
[    0.841252] Initializing cgroup subsys net_prio
[    0.857176] Initializing cgroup subsys hugetlb
[    0.868932] Initializing cgroup subsys pids
[    0.881463] CPU: Physical Processor ID: 0
[    0.919047] CPU: Processor Core ID: 0
[    0.927727] mce: CPU supports 0 MCE banks
[    0.929061] Last level iTLB entries: 4KB 512, 2MB 8, 4MB 8
[    0.936888] Last level dTLB entries: 4KB 512, 2MB 32, 4MB 32, 1GB 0
[    0.953923] Freeing SMP alternatives memory: 32K (ffffffff820b9000 - ffffffff820c1000)
[    0.971831] ftrace: allocating 32129 entries in 126 pages
[    1.112394] smpboot: APIC(0) Converting physical 0 to logical package 0
[    1.117758] smpboot: Max logical packages: 1
[    1.128295] x2apic enabled
[    1.142712] Switched APIC routing to physical x2apic.
[    1.157908] ..TIMER: vector=0x30 apic1=0 pin1=2 apic2=-1 pin2=-1
[    1.273366] smpboot: CPU0: Intel(R) Core(TM) i7-3667U CPU @ 2.00GHz (family: 0x6, model: 0x3a, stepping: 0x9)
[    1.300292] Performance Events: unsupported p6 CPU model 58 no PMU driver, software events only.
[    1.302567] KVM setup paravirtual spinlock
[    1.304316] x86: Booting SMP configuration:
[    1.306749] .... node  #0, CPUs:      #1
[    1.308136] kvm-clock: cpu 1, msr 0:3ffe3041, secondary cpu clock
[    1.330103] mce: CPU supports 0 MCE banks
[    1.364507] x86: Booted up 1 node, 2 CPUs
[    1.374316] smpboot: Total of 2 processors activated (9977.26 BogoMIPS)
[    1.379348] devtmpfs: initialized
[    1.387094] evm: security.selinux
[    1.397132] evm: security.SMACK64
[    1.413044] evm: security.SMACK64EXEC
[    1.415602] evm: security.SMACK64TRANSMUTE
[    1.422288] evm: security.SMACK64MMAP
[    1.423212] evm: security.ima
[    1.440860] evm: security.capability
[    1.447578] clocksource: jiffies: mask: 0xffffffff max_cycles: 0xffffffff, max_idle_ns: 7645041785100000 ns
[    1.450257] futex hash table entries: 512 (order: 3, 32768 bytes)
[    1.453211] pinctrl core: initialized pinctrl subsystem
[    1.454807] RTC time: 11:37:46, date: 07/18/17
[    1.464254] NET: Registered protocol family 16
[    1.482141] cpuidle: using governor ladder
[    1.506434] cpuidle: using governor menu
[    1.518496] PCCT header not found.
[    1.522773] ACPI: bus type PCI registered
[    1.523707] acpiphp: ACPI Hot Plug PCI Controller Driver version: 0.5
[    1.531889] PCI: Using configuration type 1 for base access
[    1.566791] ACPI: Added _OSI(Module Device)
[    1.569220] ACPI: Added _OSI(Processor Device)
[    1.570469] ACPI: Added _OSI(3.0 _SCP Extensions)
[    1.577423] ACPI: Added _OSI(Processor Aggregator Device)
[    1.579651] ACPI: Executed 1 blocks of module-level executable AML code
[    1.590573] ACPI: Interpreter enabled
[    1.616025] ACPI: (supports S0 S5)
[    1.622943] ACPI: Using IOAPIC for interrupt routing
[    1.638947] PCI: Using host bridge windows from ACPI; if necessary, use "pci=nocrs" and report a bug
[    1.646958] ACPI: PCI Root Bridge [PCI0] (domain 0000 [bus 00-ff])
[    1.657398] acpi PNP0A03:00: _OSC: OS supports [ASPM ClockPM Segments MSI]
[    1.672008] acpi PNP0A03:00: _OSC failed (AE_NOT_FOUND); disabling ASPM
[    1.681360] acpi PNP0A03:00: fail to add MMCONFIG information, can't access extended PCI configuration space under this bridge.
[    1.696336] PCI host bridge to bus 0000:00
[    1.703590] pci_bus 0000:00: root bus resource [io  0x0000-0x0cf7 window]
[    1.711873] pci_bus 0000:00: root bus resource [io  0x0d00-0xffff window]
[    1.721753] pci_bus 0000:00: root bus resource [mem 0x000a0000-0x000bffff window]
[    1.733891] pci_bus 0000:00: root bus resource [mem 0x40000000-0xffdfffff window]
[    1.737162] pci_bus 0000:00: root bus resource [bus 00-ff]
[    1.770906] pci 0000:00:01.1: legacy IDE quirk: reg 0x10: [io  0x01f0-0x01f7]
[    1.854394] pci 0000:00:01.1: legacy IDE quirk: reg 0x14: [io  0x03f6]
[    1.862690] pci 0000:00:01.1: legacy IDE quirk: reg 0x18: [io  0x0170-0x0177]
[    1.887351] pci 0000:00:01.1: legacy IDE quirk: reg 0x1c: [io  0x0376]
[    1.918836] pci 0000:00:07.0: quirk: [io  0x4000-0x403f] claimed by PIIX4 ACPI
[    1.934292] pci 0000:00:07.0: quirk: [io  0x4100-0x410f] claimed by PIIX4 SMB
[    1.963272] ACPI: PCI Interrupt Link [LNKA] (IRQs 5 9 10 *11)
[    1.996293] ACPI: PCI Interrupt Link [LNKB] (IRQs 5 9 10 *11)
[    2.006683] ACPI: PCI Interrupt Link [LNKC] (IRQs 5 9 *10 11)
[    2.018736] ACPI: PCI Interrupt Link [LNKD] (IRQs 5 *9 10 11)
[    2.021120] ACPI: Enabled 2 GPEs in block 00 to 07
[    2.022793] vgaarb: setting as boot device: PCI:0000:00:02.0
[    2.028811] vgaarb: device added: PCI:0000:00:02.0,decodes=io+mem,owns=io+mem,locks=none
[    2.030985] vgaarb: loaded
[    2.039935] vgaarb: bridge control possible 0000:00:02.0
[    2.058476] SCSI subsystem initialized
[    2.064867] ACPI: bus type USB registered
[    2.065989] usbcore: registered new interface driver usbfs
[    2.085297] usbcore: registered new interface driver hub
[    2.086798] usbcore: registered new device driver usb
[    2.088247] PCI: Using ACPI for IRQ routing
[    2.094023] NetLabel: Initializing
[    2.096052] NetLabel:  domain hash size = 128
[    2.107074] NetLabel:  protocols = UNLABELED CIPSOv4
[    2.114087] NetLabel:  unlabeled traffic allowed by default
[    2.119672] amd_nb: Cannot enumerate AMD northbridges
[    2.132152] clocksource: Switched to clocksource kvm-clock
[    2.143796] AppArmor: AppArmor Filesystem Enabled
[    2.158895] pnp: PnP ACPI init
[    2.174055] pnp: PnP ACPI: found 3 devices
[    2.209430] clocksource: acpi_pm: mask: 0xffffff max_cycles: 0xffffff, max_idle_ns: 2085701024 ns
[    2.222323] NET: Registered protocol family 2
[    2.230351] TCP established hash table entries: 8192 (order: 4, 65536 bytes)
[    2.241895] TCP bind hash table entries: 8192 (order: 5, 131072 bytes)
[    2.246945] TCP: Hash tables configured (established 8192 bind 8192)
[    2.255448] UDP hash table entries: 512 (order: 2, 16384 bytes)
[    2.266343] UDP-Lite hash table entries: 512 (order: 2, 16384 bytes)
[    2.292195] NET: Registered protocol family 1
[    2.299153] pci 0000:00:00.0: Limiting direct PCI/PCI transfers
[    2.306002] pci 0000:00:01.0: Activating ISA DMA hang workarounds
[    2.322851] Unpacking initramfs...
[    4.433382] Freeing initrd memory: 10828K (ffff880036aca000 - ffff88003755d000)
[    4.439438] RAPL PMU detected, API unit is 2^-32 Joules, 3 fixed counters 10737418240 ms ovfl timer
[    4.444462] hw unit of domain pp0-core 2^-0 Joules
[    4.446465] hw unit of domain package 2^-0 Joules
[    4.449220] hw unit of domain pp1-gpu 2^-0 Joules
[    4.451022] platform rtc_cmos: registered platform RTC device (no PNP device found)
[    4.465405] Scanning for low memory corruption every 60 seconds
[    4.481051] audit: initializing netlink subsys (disabled)
[    4.488619] audit: type=2000 audit(1500377873.177:1): initialized
[    4.498061] Initialise system trusted keyring
[    4.505219] HugeTLB registered 2 MB page size, pre-allocated 0 pages
[    4.520234] zbud: loaded
[    4.527133] VFS: Disk quotas dquot_6.6.0
[    4.533574] VFS: Dquot-cache hash table entries: 512 (order 0, 4096 bytes)
[    4.573913] squashfs: version 4.0 (2009/01/31) Phillip Lougher
[    4.649303] fuse init (API version 7.23)
[    4.682626] Key type big_key registered
[    4.690543] Allocating IMA MOK and blacklist keyrings.
[    4.754051] Key type asymmetric registered
[    4.756715] Asymmetric key parser 'x509' registered
[    4.776233] Block layer SCSI generic (bsg) driver version 0.4 loaded (major 249)
[    4.778091] io scheduler noop registered
[    4.859045] io scheduler deadline registered (default)
[    4.897366] io scheduler cfq registered
[    4.906287] pci_hotplug: PCI Hot Plug PCI Core version: 0.5
[    4.953080] pciehp: PCI Express Hot Plug Controller Driver version: 0.4
[    4.974665] ACPI: AC Adapter [AC] (on-line)
[    4.977376] input: Power Button as /devices/LNXSYSTM:00/LNXPWRBN:00/input/input0
[    5.003283] ACPI: Power Button [PWRF]
[    5.011804] input: Sleep Button as /devices/LNXSYSTM:00/LNXSLPBN:00/input/input1
[    5.014613] ACPI: Sleep Button [SLPF]
[    5.025671] ACPI: Battery Slot [BAT0] (battery present)
[    5.034748] GHES: HEST is not enabled!
[    5.100412] Serial: 8250/16550 driver, 32 ports, IRQ sharing enabled
[    5.195580] 00:02: ttyS0 at I/O 0x3f8 (irq = 4, base_baud = 115200) is a 16550A
[    5.207215] Linux agpgart interface v0.103
[    5.217461] loop: module loaded
[    5.218042] scsi host0: ata_piix
[    5.218107] scsi host1: ata_piix
[    5.218139] ata1: PATA max UDMA/33 cmd 0x1f0 ctl 0x3f6 bmdma 0xd000 irq 14
[    5.218140] ata2: PATA max UDMA/33 cmd 0x170 ctl 0x376 bmdma 0xd008 irq 15
[    5.218218] libphy: Fixed MDIO Bus: probed
[    5.218220] tun: Universal TUN/TAP device driver, 1.6
[    5.218220] tun: (C) 1999-2004 Max Krasnyansky <maxk@qualcomm.com>
[    5.218271] PPP generic driver version 2.4.2
[    5.218322] ehci_hcd: USB 2.0 'Enhanced' Host Controller (EHCI) Driver
[    5.218328] ehci-pci: EHCI PCI platform driver
[    5.218345] ehci-platform: EHCI generic platform driver
[    5.218353] ohci_hcd: USB 1.1 'Open' Host Controller (OHCI) Driver
[    5.218357] ohci-pci: OHCI PCI platform driver
[    5.218365] ohci-platform: OHCI generic platform driver
[    5.218372] uhci_hcd: USB Universal Host Controller Interface driver
[    5.218431] i8042: PNP: PS/2 Controller [PNP0303:PS2K,PNP0f03:PS2M] at 0x60,0x64 irq 1,12
[    5.218905] serio: i8042 KBD port at 0x60,0x64 irq 1
[    5.218909] serio: i8042 AUX port at 0x60,0x64 irq 12
[    5.219011] mousedev: PS/2 mouse device common for all mice
[    5.219417] input: AT Translated Set 2 keyboard as /devices/platform/i8042/serio0/input/input2
[    5.219780] rtc_cmos rtc_cmos: rtc core: registered rtc_cmos as rtc0
[    5.219840] rtc_cmos rtc_cmos: alarms up to one day, 114 bytes nvram
[    5.219847] i2c /dev entries driver
[    5.219899] device-mapper: uevent: version 1.0.3
[    5.219953] device-mapper: ioctl: 4.34.0-ioctl (2015-10-28) initialised: dm-devel@redhat.com
[    5.219973] ledtrig-cpu: registered to indicate activity on CPUs
[    5.220234] NET: Registered protocol family 10
[    5.220426] NET: Registered protocol family 17
[    5.220434] Key type dns_resolver registered
[    5.220569] microcode: CPU0 sig=0x306a9, pf=0x2, revision=0x19
[    5.225253] microcode: CPU1 sig=0x306a9, pf=0x2, revision=0x19
[    5.225293] microcode: Microcode Update Driver: v2.01 <tigran@aivazian.fsnet.co.uk>, Peter Oruba
[    5.225478] registered taskstats version 1
[    5.225492] Loading compiled-in X.509 certificates
[    5.226195] Loaded X.509 cert 'Build time autogenerated kernel key: 35105354eb779045e4d9ad793dead39d5ee93f76'
[    5.226214] zswap: loaded using pool lzo/zbud
[    5.229296] Key type trusted registered
[    5.232954] Key type encrypted registered
[    5.232962] AppArmor: AppArmor sha1 policy hashing enabled
[    5.232965] ima: No TPM chip found, activating TPM-bypass!
[    5.232985] evm: HMAC attrs: 0x1
[    5.233342]   Magic number: 9:106:631
[    5.235192] rtc_cmos rtc_cmos: setting system clock to 2017-07-18 11:37:49 UTC (1500377869)
[    5.235283] BIOS EDD facility v0.16 2004-Jun-25, 0 devices found
[    5.235284] EDD information not available.
[    6.029198] tsc: Refined TSC clocksource calibration: 2494.906 MHz
[    6.045988] clocksource: tsc: mask: 0xffffffffffffffff max_cycles: 0x23f66de80a3, max_idle_ns: 440795292365 ns
[    6.056132] Freeing unused kernel memory: 1488K (ffffffff81f45000 - ffffffff820b9000)
[    6.075304] Write protecting the kernel read-only data: 14336k
[    6.094792] Freeing unused kernel memory: 1760K (ffff880001848000 - ffff880001a00000)
[    6.099820] Freeing unused kernel memory: 112K (ffff880001de4000 - ffff880001e00000)
Loading, please wait...
starting version[    6.138363] random: systemd-udevd: uninitialized urandom read (16 bytes read, 2 bits of entropy available)
 229
[    6.138910] random: udevadm: uninitialized urandom read (16 bytes read, 2 bits of entropy available)
[    6.138949] random: udevadm: uninitialized urandom read (16 bytes read, 2 bits of entropy available)
[    6.139082] random: udevadm: uninitialized urandom read (16 bytes read, 2 bits of entropy available)
[    6.139133] random: udevadm: uninitialized urandom read (16 bytes read, 2 bits of entropy available)
[    6.139182] random: udevadm: uninitialized urandom read (16 bytes read, 2 bits of entropy available)
[    6.139237] random: udevadm: uninitialized urandom read (16 bytes read, 2 bits of entropy available)
[    6.139290] random: udevadm: uninitialized urandom read (16 bytes read, 2 bits of entropy available)
[    6.139337] random: udevadm: uninitialized urandom read (16 bytes read, 2 bits of entropy available)
[    6.139382] random: udevadm: uninitialized urandom read (16 bytes read, 2 bits of entropy available)
[    6.323276] Fusion MPT base driver 3.04.20
[    6.326881] Copyright (c) 1999-2008 LSI Corporation
[    6.330181] e1000: Intel(R) PRO/1000 Network Driver - version 7.3.21-k8-NAPI
[    6.333794] e1000: Copyright (c) 1999-2006 Intel Corporation.
[    6.357659] AVX version of gcm_enc/dec engaged.
[    6.373598] AES CTR mode by8 optimization enabled
[    6.384418] Fusion MPT SPI Host driver 3.04.20
[    6.530027] input: ImExPS/2 Generic Explorer Mouse as /devices/platform/i8042/serio1/input/input4
[    6.798593] e1000 0000:00:03.0 eth0: (PCI:33MHz:32-bit) 02:45:a7:eb:b0:fd
[    6.855626] e1000 0000:00:03.0 eth0: Intel(R) PRO/1000 Network Connection
[    6.883507] mptbase: ioc0: Initiating bringup
[    6.953031] ioc0: LSI53C1030 A0: Capabilities={Initiator}
[    7.161738] scsi host2: ioc0: LSI53C1030 A0, FwRev=00000000h, Ports=1, MaxQ=256, IRQ=20
[    7.309111] scsi 2:0:0:0: Direct-Access     VBOX     HARDDISK         1.0  PQ: 0 ANSI: 5
[    7.328047] scsi target2:0:0: Beginning Domain Validation
[    7.339286] scsi target2:0:0: Domain Validation skipping write tests
[    7.355904] scsi target2:0:0: Ending Domain Validation
[    7.358796] scsi target2:0:0: asynchronous
[    7.364403] scsi 2:0:1:0: Direct-Access     VBOX     HARDDISK         1.0  PQ: 0 ANSI: 5
[    7.380759] scsi target2:0:1: Beginning Domain Validation
[    7.387540] scsi target2:0:1: Domain Validation skipping write tests
[    7.397047] scsi target2:0:1: Ending Domain Validation
[    7.399674] scsi target2:0:1: asynchronous
[    7.429345] sd 2:0:0:0: Attached scsi generic sg0 type 0
[    7.440000] sd 2:0:1:0: Attached scsi generic sg1 type 0
[    7.445602] sd 2:0:1:0: [sdb] 20480 512-byte logical blocks: (10.5 MB/10.0 MiB)
[    7.450759] sd 2:0:1:0: [sdb] Write Protect is off
[    7.455854] sd 2:0:1:0: [sdb] Incomplete mode parameter data
[    7.455856] sd 2:0:1:0: [sdb] Assuming drive cache: write through
[    7.470091] sd 2:0:0:0: [sda] 20971520 512-byte logical blocks: (10.7 GB/10.0 GiB)
[    7.476114] sd 2:0:0:0: [sda] Write Protect is off
[    7.476294] sd 2:0:0:0: [sda] Incomplete mode parameter data
[    7.476295] sd 2:0:0:0: [sda] Assuming drive cache: write through
[    7.477310] sd 2:0:1:0: [sdb] Attached SCSI disk
[    7.482013]  sda: sda1
[    7.482658] sd 2:0:0:0: [sda] Attached SCSI disk
[    7.717347] e1000 0000:00:08.0 eth1: (PCI:33MHz:32-bit) 08:00:27:34:9a:e8
[    7.731983] e1000 0000:00:08.0 eth1: Intel(R) PRO/1000 Network Connection
[    7.743258] e1000 0000:00:08.0 enp0s8: renamed from eth1
[    7.776950] e1000 0000:00:03.0 enp0s3: renamed from eth0
[    9.320365] floppy0: no floppy controllers found
Begin: Loading essential drivers ... [   10.716196] md: linear personality registered for level -1
[   10.732501] md: multipath personality registered for level -4
[   10.753291] md: raid0 personality registered for level 0
[   10.779378] md: raid1 personality registered for level 1
[   10.876219] raid6: sse2x1   gen()  6976 MB/s
[   10.949271] raid6: sse2x1   xor()  5869 MB/s
[   11.032375] raid6: sse2x2   gen()  8825 MB/s
[   11.100198] raid6: sse2x2   xor()  6683 MB/s
[   11.184224] raid6: sse2x4   gen() 10175 MB/s
[   11.256207] raid6: sse2x4   xor()  8050 MB/s
[   11.294260] raid6: using algorithm sse2x4 gen() 10175 MB/s
[   11.303443] raid6: .... xor() 8050 MB/s, rmw enabled
[   11.324215] raid6: using ssse3x2 recovery algorithm
[   11.340401] xor: automatically using best checksumming function:
[   11.412573]    avx       : 14207.000 MB/sec
[   11.418377] async_tx: api initialized (async)
[   11.430847] md: raid6 personality registered for level 6
[   11.441486] md: raid5 personality registered for level 5
[   11.457215] md: raid4 personality registered for level 4
[   11.488737] md: raid10 personality registered for level 10
done.
Begin: Running /scripts/init-premount ... done.
Begin: Mounting[   11.523971] Btrfs loaded
 root file system ... Begin: Run[   11.600158] EXT4-fs (sda1): mounted filesystem with ordered data mode. Opts: (null)
ning /scripts/local-top ... done.
Begin: Running /scripts/local-premount ... Scanning for Btrfs filesystems
done.
Warning: fsck not present, so skipping root file system
done.
Begin: Running /scripts/local-bottom ... done.
Begin: Running /scripts/init-bottom ... done.
[   11.762865] systemd[1]: systemd 229 running in system mode. (+PAM +AUDIT +SELINUX +IMA +APPARMOR +SMACK +SYSVINIT +UTMP +LIBCRYPTSETUP +GCRYPT +GNUTLS +ACL +XZ -LZ4 +SECCOMP +BLKID +ELFUTILS +KMOD -IDN)
[   11.810312] systemd[1]: Detected virtualization oracle.
[   11.863714] systemd[1]: Detected architecture x86-64.

Welcome to [1mUbuntu 16.04.2 LTS[0m!

[   11.878573] systemd[1]: Set hostname to <ubuntu-xenial>.
[   12.137969] systemd[1]: Created slice User and Session Slice.
[[0;32m  OK  [0m] Created slice User and Session Slice.
[   12.196718] systemd[1]: Listening on LVM2 poll daemon socket.
[[0;32m  OK  [0m] Listening on LVM2 poll daemon socket.
[   12.228657] systemd[1]: Listening on Device-mapper event daemon FIFOs.
[[0;32m  OK  [0m] Listening on Device-mapper event daemon FIFOs.
[   12.281754] systemd[1]: Reached target Swap.
[[0;32m  OK  [0m] Reached target Swap.
[   12.321059] systemd[1]: Listening on /dev/initctl Compatibility Named Pipe.
[[0;32m  OK  [0m] Listening on /dev/initctl Compatibility Named Pipe.
[   12.401014] systemd[1]: Listening on udev Kernel Socket.
[[0;32m  OK  [0m] Listening on udev Kernel Socket.
[   12.464765] systemd[1]: Started Forward Password Requests to Wall Directory Watch.
[[0;32m  OK  [0m] Started Forward Password Requests to Wall Directory Watch.
[   12.516925] systemd[1]: Set up automount Arbitrary Executable File Formats File System Automount Point.
[[0;32m  OK  [0m] Set up automount Arbitrary Executab...ats File System Automount Point.
[   12.600585] systemd[1]: Listening on udev Control Socket.
[[0;32m  OK  [0m] Listening on udev Control Socket.
[   12.616451] systemd[1]: Reached target Encrypted Volumes.
[[0;32m  OK  [0m] Reached target Encrypted Volumes.
[   12.664670] systemd[1]: Started Trigger resolvconf update for networkd DNS.
[[0;32m  OK  [0m] Started Trigger resolvconf update for networkd DNS.
[   12.732772] systemd[1]: Reached target User and Group Name Lookups.
[[0;32m  OK  [0m] Reached target User and Group Name Lookups.
[   12.813699] systemd[1]: Listening on Syslog Socket.
[[0;32m  OK  [0m] Listening on Syslog Socket.
[   12.854713] systemd[1]: Listening on Journal Socket (/dev/log).
[[0;32m  OK  [0m] Listening on Journal Socket (/dev/log).
[   12.912817] systemd[1]: Listening on Journal Audit Socket.
[[0;32m  OK  [0m] Listening on Journal Audit Socket.
[   13.020737] systemd[1]: Listening on Journal Socket.
[[0;32m  OK  [0m] Listening on Journal Socket.
[   13.073336] systemd[1]: Created slice System Slice.
[[0;32m  OK  [0m] Created slice System Slice.
[   13.121602] systemd[1]: Starting Load Kernel Modules...
         Starting Load Kernel Modules...
[   13.133195] Loading iSCSI transport class v2.0-870.
[   13.141231] systemd[1]: Starting Set console keymap...
         Startin[   13.151879] iscsi: registered transport (tcp)
g Set console keymap...
[   13.170549] systemd[1]: Created slice system-postgresql.slice.
[[0;32m  OK  [0m] Created slice system-postgre[   13.203725] iscsi: registered transport (iser)
sql.slice.
[   13.248328] systemd[1]: Starting Create list of required static device nodes for the current kernel...
         Starting Create list of required st... nodes for the current kernel...
[   13.336532] systemd[1]: Mounting Debug File System...
         Mounting Debug File System...
[   13.376423] systemd[1]: Starting Nameserver information manager...
         Starting Nameserver information manager...
[   13.480759] systemd[1]: Reached target Slices.
[[0;32m  OK  [0m] Reached target Slices.
[   13.521282] systemd[1]: Created slice system-serial\x2dgetty.slice.
[[0;32m  OK  [0m] Created slice system-serial\x2dgetty.slice.
[   13.560765] systemd[1]: Starting Remount Root and Kernel File Systems...
         Startin[   13.566560] EXT4-fs (sda1): re-mounted. Opts: (null)
g Remount Root and Kernel File Systems...
[   13.582623] systemd[1]: Mounting Huge Pages File System...
         Mounting Huge Pages File System...
[   13.621222] systemd[1]: Starting Uncomplicated firewall...
         Starting Uncomplicated firewall...
[   13.668665] systemd[1]: Listening on LVM2 metadata daemon socket.
[[0;32m  OK  [0m] Listening on LVM2 metadata daemon socket.
[   13.724785] systemd[1]: Starting Monitoring of LVM2 mirrors, snapshots etc. using dmeventd or progress polling...
         Starting Monitoring of LVM2 mirrors... dmeventd or progress polling...
[   13.788832] systemd[1]: Mounting POSIX Message Queue File System...
         Mounting POSIX Message Queue File System...
[   13.806389] systemd[1]: Starting Journal Service...
         Starting Journal Service...
[   13.824243] systemd[1]: Mounted Debug File System.
[[0;32m  OK  [0m] Mounted Debug File System.
[   13.840859] systemd[1]: Mounted POSIX Message Queue File System.
[[0;32m  OK  [0m] Mounted POSIX Message Queue File System.
[   13.874391] systemd[1]: Mounted Huge Pages File System.
[[0;32m  OK  [0m] Mounted Huge Pages File System.
[   13.907479] systemd[1]: Started Journal Service.
[[0;32m  OK  [0m] Started Journal Service.
[[0;32m  OK  [0m] Started Load Kernel Modules.
[[0;32m  OK  [0m] Started Set console keymap.
[[0;32m  OK  [0m] Started Create list of required sta...ce nodes for the current kernel.
[[0;32m  OK  [[   14.043914] random: nonblocking pool is initialized
0m] Started Remount Root and Kernel File Systems.
[[0;32m  OK  [0m] Started Uncomplicated firewall.
[[0;32m  OK  [0m] Started Nameserver information manager.
[[0;32m  OK  [0m] Started LVM2 metadata daemon.
         Starting udev Coldplug all Devices...
         Starting Load/Save Random Seed...
         Starting Initial cloud-init job (pre-networking)...
         Starting Create Static Device Nodes in /dev...
         Mounting FUSE Control File System...
         Starting Apply Kernel Variables...
         Starting Flush Journal to Persistent Storage...
[[0;32m  OK  [0m] Mounted FUSE Control File System.
[[0;32m  OK  [0m] Started Load/Save Random Seed.
[[0;32m  OK  [0m] Started Create Static Device Nodes in /dev.
[[0;32m  OK  [0m] Started Apply Kernel Variables.
[[0;32m  OK  [0m] Started udev Coldplug all Devices.
[[0;32m  OK  [0m] Started Flush Journal to Persistent Storage.
         Starting udev Kernel Device Manager...
[[0;32m  OK  [0m] Started udev Kernel Device Manager.
[[0;32m  OK  [0m] Started Dispatch Password Requests to Console Directory Watch.
[[0;32m  OK  [0m] Started Monitoring of LVM2 mirrors,...ng dmeventd or progress polling.
[[0;32m  OK  [0m] Reached target Local File Systems (Pre).
[[0;32m  OK  [0m] Reached target Local File Systems.
         Starting LSB: AppArmor initialization...
         Starting Set console font and keymap...
         Starting Create Volatile Files and Directories...
         Starting Tell Plymouth To Write Out Runtime Data...
[[0;32m  OK  [0m] Started Create Volatile Files and Directories.
[[0;32m  OK  [0m] Started Tell Plymouth To Write Out Runtime Data.
[[0;32m  OK  [0m] Found device /dev/ttyS0.
         Starting Update UTMP about System Boot/Shutdown...
[[0;32m  OK  [0m] Reached target System Time Synchronized.
[[0;32m  OK  [0m] Started LSB: AppArmor initialization.
[   14.320056] cloud-init[448]: Cloud-init v. 0.7.9 running 'init-local' at Tue, 18 Jul 2017 11:37:59 +0000. Up 13.92 seconds.
[[0;32m  OK  [0m] Started Set console font and keymap.
[[0;32m  OK  [0m] Started Initial cloud-init job (pre-networking).
[[0;32m  OK  [0m] Started Update UTMP about System Boot/Shutdown.
[[0;32m  OK  [0m] Listening on Load/Save RF Kill Switch Status /dev/rfkill Watch.
[[0;32m  OK  [0m] Reached target Network (Pre).
[[0;32m  OK  [0m] Started ifup for enp0s3.
[[0;32m  OK  [0m] Started ifup for enp0s8.
[[0;32m  OK  [0m] Created slice system-getty.slice.
         Starting Raise network interfaces...
[[0;32m  OK  [0m] Started Raise network interfaces.
         Starting Initial cloud-init job (metadata service crawler)...
[[0;32m  OK  [0m] Reached target Network.
[   17.277730] cloud-init[1049]: Cloud-init v. 0.7.9 running 'init' at Tue, 18 Jul 2017 11:38:02 +0000. Up 16.94 seconds.
[   17.308978] cloud-init[1049]: ci-info: ++++++++++++++++++++++++++++++++++++++Net device info++++++++++++++++++++++++++++++++++++++
[[0;32m  OK  [0m[   17.360782] ] cloud-initStarted Initial cloud-init job (metadata service crawler).[1049]: 
ci-info: +--------+------+-----------------------------+---------------+-------+-------------------+
[   17.472700] cloud-init[1049]: ci-info: | Device |  Up  |           Address           |      Mask     | Scope |     Hw-Address    |
[   17.473228] cloud-init[1049]: ci-info: +--------+------+-----------------------------+---------------+-------+-------------------+
[[0;32m  OK  [0m] Reached target Network is Online.
[   17.473646] cloud-init[1049]: ci-info: | enp0s8 | True |        192.168.55.55        | 255.255.255.0 |   .   | 08:00:27:34:9a:e8 |
[   17.684625] cloud-init[1049]: ci-info: | enp0s8 | True | fe80::a00:27ff:fe34:9ae8/64 |       .       |  link | 08:00:27:34:9a:e8 |
[   17.685215] cloud-init[1049]: ci-info: | enp0s3 | True |          10.0.2.15          | 255.255.255.0 |   .   | 02:45:a7:eb:b0:fd |
         Starting iSCSI initiator daemon (iscsid)...
[   17.685557] cloud-init[1049]: ci-info: | enp0s3 | True |  fe80::45:a7ff:feeb:b0fd/64 |       .       |  link | 02:45:a7:eb:b0:fd |
[   17.829287] cloud-init[1049]: ci-info: |   lo   | True |          127.0.0.1          |   255.0.0.0   |   .   |         .         |
[[0;32m  OK  [0m] Reached target System Initialization.
[   17.829501] cloud-init[1049]: ci-info: |   lo   | True |           ::1/128           |       .       |  host |         .         |
[   18.064604] cloud-init[1049]: ci-info: +--------+------+-----------------------------+---------------+-------+-------------------+
[   18.065121] cloud-init[1049]: ci-info: ++++++++++++++++++++++++++++Route IPv4 info++++++++++++++++++++++++++++
[[0;32m  OK  [0m] Started Daily apt activities.
[   18.065422] cloud-init[1049]: ci-info: +-------+--------------+----------+---------------+-----------+-------+
[   18.130747] cloud-init[1049]: ci-info: | Route | Destination  | Gateway  |    Genmask    | Interface | Flags |
[[0;32m  OK  [0m] Started Timer to automatically refresh installed snaps.
[   18.130959] cloud-init[1049]: ci-info: +-------+--------------+----------+---------------+-----------+-------+
[   18.243738] cloud-init[1049]: ci-info: |   0   |   0.0.0.0    | 10.0.2.2 |    0.0.0.0    |   enp0s3  |   UG  |
[   18.244376] cloud-init[1049]: ci-info: |   1   |   10.0.2.0   | 0.0.0.0  | 255.255.255.0 |   enp0s3  |   U   |
[[   18.245097] [0;32m  OK  [0mcloud-init] [1049]: Started ACPI Events Check.ci-info: |   2   | 192.168.55.0 | 0.0.0.0  | 255.255.255.0 |   enp0s8  |   U   |

[[   18.245246] cloud-init[1049]: ci-info: +-------+--------------+----------+---------------+-----------+-------+
[0;32m  OK  [0m] Reached target Paths.
[[0;32m  OK  [0m] Listening on D-Bus System Message Bus Socket.
         Starting LXD - unix socket.
[[0;32m  OK  [0m] Started Daily Cleanup of Temporary Directories.
[[0;32m  OK  [0m] Reached target Timers.
[[0;32m  OK  [0m] Listening on ACPID Listen Socket.
         Starting Socket activation for snappy daemon.
[[0;32m  OK  [0m] Listening on UUID daemon activation socket.
[[0;32m  OK  [0m] Reached target Cloud-config availability.
[[0;32m  OK  [0m] Listening on LXD - unix socket.
[[0;32m  OK  [0m] Listening on Socket activation for snappy daemon.
[[0;32m  OK  [0m] Started iSCSI initiator daemon (iscsid).
         Starting Login to default iSCSI targets...
[[0;32m  OK  [0m] Reached target Sockets.
[[0;32m  OK  [0m] Reached target Basic System.
         Starting LSB: Record successful boot for GRUB...
[[0;32m  OK  [0m] Started FUSE filesystem for LXC.
[[0;32m  OK  [0m] Started Regular background program processing daemon.
         Starting LXD - container startup/shutdown...
         Starting System Logging Service...
[[0;32m  OK  [0m] Started ACPI event daemon.
[[0;32m  OK  [0m] Started D-Bus System Message Bus.
         Starting OpenBSD Secure Shell server...
[[0;32m  OK  [0m] Started Unattended Upgrades Shutdown.
         Starting Apply the settings specified in cloud-config...
[[0;32m  OK  [0m] Started Deferred execution scheduler.
[[0;32m  OK  [0m] Started Snappy daemon.
         Starting LSB: MD monitoring daemon...
         Starting PostgreSQL Cluster 9.5-main...
         Starting /etc/rc.local Compatibility...
         Starting Accounts Service...
         Starting Auto import assertions from block devices...
         Starting Login Service...
[[0;32m  OK  [0m] Started System Logging Service.
[[0;32m  OK  [0m] Started OpenBSD Secure Shell server.
[[0;32m  OK  [0m] Started LXD - container startup/shutdown.
[[0;32m  OK  [0m] Started /etc/rc.local Compatibility.
[[0;32m  OK  [0m] Started Auto import assertions from block devices.
[[0;32m  OK  [0m] Started LSB: Record successful boot for GRUB.
[[0;32m  OK  [0m] Started Login to default iSCSI targets.
[[0;32m  OK  [0m] Started LSB: MD monitoring daemon.
[[0;32m  OK  [0m] Started Login Service.
         Starting Authenticate and Authorize Users to Run Privileged Tasks...
[[0;32m  OK  [0m] Reached target Remote File Systems (Pre).
[[0;32m  OK  [0m] Reached target Remote File Systems.
         Starting LSB: Start NTP daemon...
         Starting LSB: VirtualBox Linux Additions...
         Starting LSB: daemon to balance interrupts for SMP systems...
         Starting LSB: Start/stop sysstat's sadc...
         Starting Permit User Sessions...
         Starting LSB: Set the CPU Frequency Scaling governor to "ondemand"...
         Starting LSB: automatic crash report generation...
[[0;32m  OK  [0m] Started Permit User Sessions.
[[0;32m  OK  [0m] Started Authenticate and Authorize Users to Run Privileged Tasks.
[[0;32m  OK  [0m] Started Accounts Service.
[[0;32m  OK  [0m] Started LSB: Start/stop sysstat's sadc.
[[0;32m  OK  [0m] Started LSB: Start NTP daemon.
[[0;32m  OK  [0m] Started LSB: daemon to balance interrupts for SMP systems.
[[0;32m  OK  [0m] Started LSB: VirtualBox Linux Additions.
[[0;32m  OK  [0m] Started LSB: Set the CPU Frequency Scaling governor to "ondemand".
[[0;32m  OK  [0m] Created slice User Slice of ubuntu.
[   20.376523] cloud-init[1140]: Cloud-init v. 0.7.9 running 'modules:config' at Tue, 18 Jul 2017 11:38:05 +0000. Up 20.09 seconds.
[[0;32m  OK  [0m] Started Session 1 of user ubuntu.
         Starting User Manager for UID 1000...
         Starting Terminate Plymouth Boot Screen...
         Starting Hold until boot process finishes up...
[[0;32m  OK  [0m] Started User Manager for UID 1000.
[[0;32m  OK  [0m] Started Apply the settings specified in cloud-config.
[[0;32m  OK  [0m] Started LSB: automatic crash report generation.
[[0;32m  OK  [0m] Started Terminate Plymouth Boot Screen.
[[0;32m  OK  [0m] Started Hold until boot process finishes up.
[[0;32m  OK  [0m] Started Getty on tty1.
         Starting Set console scheme...
[[0;32m  OK  [0m] Started Serial Getty on ttyS0.
[[0;32m  OK  [0m] Reached target Login Prompts.
[[0;32m  OK  [0m] Started Set console scheme.
[[0;32m  OK  [0m] Started PostgreSQL Cluster 9.5-main.
         Starting PostgreSQL RDBMS...
[[0;32m  OK  [0m] Started PostgreSQL RDBMS.
[[0;32m  OK  [0m] Reached target Multi-User System.
         Starting Execute cloud user/final scripts...
[[0;32m  OK  [0m] Reached target Graphical Interface.
         Starting Update UTMP about System Runlevel Changes...
[[0;32m  OK  [0m] Started Update UTMP about System Runlevel Changes.
[   22.706455] cloud-init[1414]: Cloud-init v. 0.7.9 running 'modules:final' at Tue, 18 Jul 2017 11:38:08 +0000. Up 22.44 seconds.
[   22.767184] cloud-init[1414]: Cloud-init v. 0.7.9 finished at Tue, 18 Jul 2017 11:38:08 +0000. Datasource DataSourceNoCloud [seed=/dev/sdb][dsmode=net].  Up 22.69 seconds
[[0;32m  OK  [0m] Started Execute cloud user/final scripts.
[[0;32m  OK  [0m] Reached target Cloud-init target.

Ubuntu 16.04.2 LTS ubuntu-xenial ttyS0

ubuntu-xenial login: 